Archive member included to satisfy reference by file (symbol)

c:/program files (x86)/atollic/truestudio for arm 8.0.0/armtools/bin/../lib/gcc/arm-atollic-eabi/6.3.1/../../../../arm-atollic-eabi/lib/armv7e-m/fpu\libc_nano.a(lib_a-init.o)
                              startup\startup_stm32f334x8.o (__libc_init_array)
c:/program files (x86)/atollic/truestudio for arm 8.0.0/armtools/bin/../lib/gcc/arm-atollic-eabi/6.3.1/../../../../arm-atollic-eabi/lib/armv7e-m/fpu\libm.a(lib_a-wf_sqrt.o)
                              Src\main.o (sqrtf)
c:/program files (x86)/atollic/truestudio for arm 8.0.0/armtools/bin/../lib/gcc/arm-atollic-eabi/6.3.1/../../../../arm-atollic-eabi/lib/armv7e-m/fpu\libm.a(lib_a-ef_sqrt.o)
                              c:/program files (x86)/atollic/truestudio for arm 8.0.0/armtools/bin/../lib/gcc/arm-atollic-eabi/6.3.1/../../../../arm-atollic-eabi/lib/armv7e-m/fpu\libm.a(lib_a-wf_sqrt.o) (__ieee754_sqrtf)
c:/program files (x86)/atollic/truestudio for arm 8.0.0/armtools/bin/../lib/gcc/arm-atollic-eabi/6.3.1/../../../../arm-atollic-eabi/lib/armv7e-m/fpu\libm.a(lib_a-s_lib_ver.o)
                              c:/program files (x86)/atollic/truestudio for arm 8.0.0/armtools/bin/../lib/gcc/arm-atollic-eabi/6.3.1/../../../../arm-atollic-eabi/lib/armv7e-m/fpu\libm.a(lib_a-wf_sqrt.o) (__fdlib_version)
c:/program files (x86)/atollic/truestudio for arm 8.0.0/armtools/bin/../lib/gcc/arm-atollic-eabi/6.3.1/../../../../arm-atollic-eabi/lib/armv7e-m/fpu\libm.a(lib_a-s_matherr.o)
                              c:/program files (x86)/atollic/truestudio for arm 8.0.0/armtools/bin/../lib/gcc/arm-atollic-eabi/6.3.1/../../../../arm-atollic-eabi/lib/armv7e-m/fpu\libm.a(lib_a-wf_sqrt.o) (matherr)
c:/program files (x86)/atollic/truestudio for arm 8.0.0/armtools/bin/../lib/gcc/arm-atollic-eabi/6.3.1/../../../../arm-atollic-eabi/lib/armv7e-m/fpu\libc_nano.a(lib_a-errno.o)
                              c:/program files (x86)/atollic/truestudio for arm 8.0.0/armtools/bin/../lib/gcc/arm-atollic-eabi/6.3.1/../../../../arm-atollic-eabi/lib/armv7e-m/fpu\libm.a(lib_a-wf_sqrt.o) (__errno)
c:/program files (x86)/atollic/truestudio for arm 8.0.0/armtools/bin/../lib/gcc/arm-atollic-eabi/6.3.1/../../../../arm-atollic-eabi/lib/armv7e-m/fpu\libc_nano.a(lib_a-impure.o)
                              c:/program files (x86)/atollic/truestudio for arm 8.0.0/armtools/bin/../lib/gcc/arm-atollic-eabi/6.3.1/../../../../arm-atollic-eabi/lib/armv7e-m/fpu\libc_nano.a(lib_a-errno.o) (_impure_ptr)
c:/program files (x86)/atollic/truestudio for arm 8.0.0/armtools/bin/../lib/gcc/arm-atollic-eabi/6.3.1/armv7e-m/fpu\libgcc.a(_arm_addsubdf3.o)
                              Src\main.o (__aeabi_dsub)
c:/program files (x86)/atollic/truestudio for arm 8.0.0/armtools/bin/../lib/gcc/arm-atollic-eabi/6.3.1/armv7e-m/fpu\libgcc.a(_arm_muldivdf3.o)
                              c:/program files (x86)/atollic/truestudio for arm 8.0.0/armtools/bin/../lib/gcc/arm-atollic-eabi/6.3.1/../../../../arm-atollic-eabi/lib/armv7e-m/fpu\libm.a(lib_a-wf_sqrt.o) (__aeabi_ddiv)
c:/program files (x86)/atollic/truestudio for arm 8.0.0/armtools/bin/../lib/gcc/arm-atollic-eabi/6.3.1/armv7e-m/fpu\libgcc.a(_arm_truncdfsf2.o)
                              Src\main.o (__aeabi_d2f)

Allocating common symbols
Common symbol       size              file

VoltageSignal       0x2               Src\main.o
vbuff               0x1e              Src\main.o
channel1            0x1               Src\main.o
inew                0x190             Src\main.o
CurrentSignal       0x2               Src\main.o
uwTick              0x4               Drivers\STM32F3xx_HAL_Driver\Src\stm32f3xx_hal.o
pFlash              0x20              Drivers\STM32F3xx_HAL_Driver\Src\stm32f3xx_hal_flash.o
VALUE_VoltageArray  0x190             Src\main.o
hadc1               0x54              Src\main.o
huart1              0x70              Src\main.o
ADC_VoltageArray    0xc8              Src\main.o
num                 0x1               Src\main.o
TempBuffer          0xa               Src\main.o
I_RMS               0x2               Src\main.o
VALUE_CurrentArray  0x190             Src\main.o
ibuff               0x1e              Src\main.o
HoldBuffer          0xa               Src\main.o
ReceiveBuffer       0x1               Src\main.o
ADC_CurrentArray    0xc8              Src\main.o
SignedInteger       0x2               Src\main.o
ReceiveFlag         0x1               Src\main.o
V_RMS               0x4               Src\main.o
vnew                0x190             Src\main.o

Discarded input sections

 .text          0x00000000        0x0 c:/program files (x86)/atollic/truestudio for arm 8.0.0/armtools/bin/../lib/gcc/arm-atollic-eabi/6.3.1/armv7e-m/fpu/crti.o
 .data          0x00000000        0x0 c:/program files (x86)/atollic/truestudio for arm 8.0.0/armtools/bin/../lib/gcc/arm-atollic-eabi/6.3.1/armv7e-m/fpu/crti.o
[...]
Memory Configuration

Name             Origin             Length             Attributes
RAM              0x20000000         0x00003000         xrw
CCMRAM           0x10000000         0x00001000         rw
FLASH            0x08000000         0x00010000         xr
*default*        0x00000000         0xffffffff

Linker script and memory map

LOAD c:/program files (x86)/atollic/truestudio for arm 8.0.0/armtools/bin/../lib/gcc/arm-atollic-eabi/6.3.1/armv7e-m/fpu/crti.o
LOAD c:/program files (x86)/atollic/truestudio for arm 8.0.0/armtools/bin/../lib/gcc/arm-atollic-eabi/6.3.1/armv7e-m/fpu/crtbegin.o
LOAD Drivers\STM32F3xx_HAL_Driver\Src\stm32f3xx_hal.o
LOAD Drivers\STM32F3xx_HAL_Driver\Src\stm32f3xx_hal_adc.o
LOAD Drivers\STM32F3xx_HAL_Driver\Src\stm32f3xx_hal_adc_ex.o
LOAD Drivers\STM32F3xx_HAL_Driver\Src\stm32f3xx_hal_cortex.o
LOAD Drivers\STM32F3xx_HAL_Driver\Src\stm32f3xx_hal_dma.o
LOAD Drivers\STM32F3xx_HAL_Driver\Src\stm32f3xx_hal_flash.o
LOAD Drivers\STM32F3xx_HAL_Driver\Src\stm32f3xx_hal_flash_ex.o
LOAD Drivers\STM32F3xx_HAL_Driver\Src\stm32f3xx_hal_gpio.o
LOAD Drivers\STM32F3xx_HAL_Driver\Src\stm32f3xx_hal_i2c.o
LOAD Drivers\STM32F3xx_HAL_Driver\Src\stm32f3xx_hal_i2c_ex.o
LOAD Drivers\STM32F3xx_HAL_Driver\Src\stm32f3xx_hal_pwr.o
LOAD Drivers\STM32F3xx_HAL_Driver\Src\stm32f3xx_hal_pwr_ex.o
LOAD Drivers\STM32F3xx_HAL_Driver\Src\stm32f3xx_hal_rcc.o
LOAD Drivers\STM32F3xx_HAL_Driver\Src\stm32f3xx_hal_rcc_ex.o
LOAD Drivers\STM32F3xx_HAL_Driver\Src\stm32f3xx_hal_tim.o
LOAD Drivers\STM32F3xx_HAL_Driver\Src\stm32f3xx_hal_tim_ex.o
LOAD Drivers\STM32F3xx_HAL_Driver\Src\stm32f3xx_hal_uart.o
LOAD Drivers\STM32F3xx_HAL_Driver\Src\stm32f3xx_hal_uart_ex.o
LOAD Src\main.o
LOAD Src\stm32f3xx_hal_msp.o
LOAD Src\stm32f3xx_it.o
LOAD Src\system_stm32f3xx.o
LOAD startup\startup_stm32f334x8.o
                0x00000080                malloc_getpagesize_P = 0x80
START GROUP
LOAD c:/program files (x86)/atollic/truestudio for arm 8.0.0/armtools/bin/../lib/gcc/arm-atollic-eabi/6.3.1/../../../../arm-atollic-eabi/lib/armv7e-m/fpu\libc_nano.a
LOAD c:/program files (x86)/atollic/truestudio for arm 8.0.0/armtools/bin/../lib/gcc/arm-atollic-eabi/6.3.1/../../../../arm-atollic-eabi/lib/armv7e-m/fpu\libm.a
END GROUP
START GROUP
LOAD c:/program files (x86)/atollic/truestudio for arm 8.0.0/armtools/bin/../lib/gcc/arm-atollic-eabi/6.3.1/armv7e-m/fpu\libgcc.a
LOAD c:/program files (x86)/atollic/truestudio for arm 8.0.0/armtools/bin/../lib/gcc/arm-atollic-eabi/6.3.1/../../../../arm-atollic-eabi/lib/armv7e-m/fpu\libc_nano.a
END GROUP
START GROUP
LOAD c:/program files (x86)/atollic/truestudio for arm 8.0.0/armtools/bin/../lib/gcc/arm-atollic-eabi/6.3.1/armv7e-m/fpu\libgcc.a
LOAD c:/program files (x86)/atollic/truestudio for arm 8.0.0/armtools/bin/../lib/gcc/arm-atollic-eabi/6.3.1/../../../../arm-atollic-eabi/lib/armv7e-m/fpu\libc_nano.a
LOAD c:/program files (x86)/atollic/truestudio for arm 8.0.0/armtools/bin/../lib/gcc/arm-atollic-eabi/6.3.1/../../../../arm-atollic-eabi/lib/armv7e-m/fpu\libnosys.a
END GROUP
START GROUP
LOAD c:/program files (x86)/atollic/truestudio for arm 8.0.0/armtools/bin/../lib/gcc/arm-atollic-eabi/6.3.1/armv7e-m/fpu\libgcc.a
LOAD c:/program files (x86)/atollic/truestudio for arm 8.0.0/armtools/bin/../lib/gcc/arm-atollic-eabi/6.3.1/../../../../arm-atollic-eabi/lib/armv7e-m/fpu\libc_nano.a
LOAD c:/program files (x86)/atollic/truestudio for arm 8.0.0/armtools/bin/../lib/gcc/arm-atollic-eabi/6.3.1/../../../../arm-atollic-eabi/lib/armv7e-m/fpu\libnosys.a
END GROUP
LOAD c:/program files (x86)/atollic/truestudio for arm 8.0.0/armtools/bin/../lib/gcc/arm-atollic-eabi/6.3.1/armv7e-m/fpu/crtend.o
LOAD c:/program files (x86)/atollic/truestudio for arm 8.0.0/armtools/bin/../lib/gcc/arm-atollic-eabi/6.3.1/armv7e-m/fpu/crtn.o
                0x20003000                _estack = 0x20003000
                0x00000200                _Min_Heap_Size = 0x200
                0x00000400                _Min_Stack_Size = 0x400

.isr_vector     0x08000000      0x188
                0x08000000                . = ALIGN (0x4)
 *(.isr_vector)
 .isr_vector    0x08000000      0x188 startup\startup_stm32f334x8.o
                0x08000000                g_pfnVectors
                0x08000188                . = ALIGN (0x4)

.text           0x08000188     0x3bcc
                0x08000188                . = ALIGN (0x4)
 *(.text)
 .text          0x08000188       0x40 c:/program files (x86)/atollic/truestudio for arm 8.0.0/armtools/bin/../lib/gcc/arm-atollic-eabi/6.3.1/armv7e-m/fpu/crtbegin.o
 .text          0x080001c8      0x370 c:/program files (x86)/atollic/truestudio for arm 8.0.0/armtools/bin/../lib/gcc/arm-atollic-eabi/6.3.1/armv7e-m/fpu\libgcc.a(_arm_addsubdf3.o)
                0x080001c8                __aeabi_drsub
                0x080001d0                __aeabi_dsub
                0x080001d0                __subdf3
                0x080001d4                __aeabi_dadd
                0x080001d4                __adddf3
                0x0800044c                __floatunsidf
                0x0800044c                __aeabi_ui2d
                0x0800046c                __floatsidf
                0x0800046c                __aeabi_i2d
                0x08000490                __aeabi_f2d
                0x08000490                __extendsfdf2
                0x080004cc                __floatundidf
                0x080004cc                __aeabi_ul2d
                0x080004dc                __floatdidf
                0x080004dc                __aeabi_l2d
 .text          0x08000538      0x424 c:/program files (x86)/atollic/truestudio for arm 8.0.0/armtools/bin/../lib/gcc/arm-atollic-eabi/6.3.1/armv7e-m/fpu\libgcc.a(_arm_muldivdf3.o)
                0x08000538                __aeabi_dmul
                0x08000538                __muldf3
                0x0800078c                __divdf3
                0x0800078c                __aeabi_ddiv
 .text          0x0800095c       0xa0 c:/program files (x86)/atollic/truestudio for arm 8.0.0/armtools/bin/../lib/gcc/arm-atollic-eabi/6.3.1/armv7e-m/fpu\libgcc.a(_arm_truncdfsf2.o)
                0x0800095c                __truncdfsf2
                0x0800095c                __aeabi_d2f
 *(.text*)
 .text.HAL_InitTick
                0x080009fc       0x2c Drivers\STM32F3xx_HAL_Driver\Src\stm32f3xx_hal.o
                0x080009fc                HAL_InitTick
 .text.HAL_Init
                0x08000a28       0x24 Drivers\STM32F3xx_HAL_Driver\Src\stm32f3xx_hal.o
                0x08000a28                HAL_Init
 .text.HAL_IncTick
                0x08000a4c       0x10 Drivers\STM32F3xx_HAL_Driver\Src\stm32f3xx_hal.o
                0x08000a4c                HAL_IncTick
 .text.HAL_GetTick
                0x08000a5c        0xc Drivers\STM32F3xx_HAL_Driver\Src\stm32f3xx_hal.o
                0x08000a5c                HAL_GetTick
 .text.HAL_ADC_LevelOutOfWindowCallback
                0x08000a68        0x2 Drivers\STM32F3xx_HAL_Driver\Src\stm32f3xx_hal_adc.o
                0x08000a68                HAL_ADC_LevelOutOfWindowCallback
 .text.HAL_ADC_ErrorCallback
                0x08000a6a        0x2 Drivers\STM32F3xx_HAL_Driver\Src\stm32f3xx_hal_adc.o
                0x08000a6a                HAL_ADC_ErrorCallback
 .text.ADC_Disable
                0x08000a6c       0x88 Drivers\STM32F3xx_HAL_Driver\Src\stm32f3xx_hal_adc_ex.o
 .text.ADC_ConversionStop
                0x08000af4       0xd8 Drivers\STM32F3xx_HAL_Driver\Src\stm32f3xx_hal_adc_ex.o
 .text.ADC_Enable
                0x08000bcc       0x84 Drivers\STM32F3xx_HAL_Driver\Src\stm32f3xx_hal_adc_ex.o
 .text.HAL_ADC_Init
                0x08000c50      0x21c Drivers\STM32F3xx_HAL_Driver\Src\stm32f3xx_hal_adc_ex.o
                0x08000c50                HAL_ADC_Init
 .text.HAL_ADC_Start_IT
                0x08000e6c      0x13c Drivers\STM32F3xx_HAL_Driver\Src\stm32f3xx_hal_adc_ex.o
                0x08000e6c                HAL_ADC_Start_IT
 .text.HAL_ADC_Stop_IT
                0x08000fa8       0x54 Drivers\STM32F3xx_HAL_Driver\Src\stm32f3xx_hal_adc_ex.o
                0x08000fa8                HAL_ADC_Stop_IT
 .text.HAL_ADC_GetValue
                0x08000ffc        0x6 Drivers\STM32F3xx_HAL_Driver\Src\stm32f3xx_hal_adc_ex.o
                0x08000ffc                HAL_ADC_GetValue
 .text.HAL_ADCEx_InjectedConvCpltCallback
                0x08001002        0x2 Drivers\STM32F3xx_HAL_Driver\Src\stm32f3xx_hal_adc_ex.o
                0x08001002                HAL_ADCEx_InjectedConvCpltCallback
 .text.HAL_ADCEx_InjectedQueueOverflowCallback
                0x08001004        0x2 Drivers\STM32F3xx_HAL_Driver\Src\stm32f3xx_hal_adc_ex.o
                0x08001004                HAL_ADCEx_InjectedQueueOverflowCallback
 .text.HAL_ADCEx_LevelOutOfWindow2Callback
                0x08001006        0x2 Drivers\STM32F3xx_HAL_Driver\Src\stm32f3xx_hal_adc_ex.o
                0x08001006                HAL_ADCEx_LevelOutOfWindow2Callback
 .text.HAL_ADCEx_LevelOutOfWindow3Callback
                0x08001008        0x2 Drivers\STM32F3xx_HAL_Driver\Src\stm32f3xx_hal_adc_ex.o
                0x08001008                HAL_ADCEx_LevelOutOfWindow3Callback
 *fill*         0x0800100a        0x2 
 .text.HAL_ADC_IRQHandler
                0x0800100c      0x2d8 Drivers\STM32F3xx_HAL_Driver\Src\stm32f3xx_hal_adc_ex.o
                0x0800100c                HAL_ADC_IRQHandler
 .text.HAL_ADC_ConfigChannel
                0x080012e4      0x384 Drivers\STM32F3xx_HAL_Driver\Src\stm32f3xx_hal_adc_ex.o
                0x080012e4                HAL_ADC_ConfigChannel
 .text.HAL_ADCEx_MultiModeConfigChannel
                0x08001668      0x13c Drivers\STM32F3xx_HAL_Driver\Src\stm32f3xx_hal_adc_ex.o
                0x08001668                HAL_ADCEx_MultiModeConfigChannel
 .text.HAL_NVIC_SetPriorityGrouping
                0x080017a4       0x24 Drivers\STM32F3xx_HAL_Driver\Src\stm32f3xx_hal_cortex.o
                0x080017a4                HAL_NVIC_SetPriorityGrouping
 .text.HAL_NVIC_SetPriority
                0x080017c8       0x64 Drivers\STM32F3xx_HAL_Driver\Src\stm32f3xx_hal_cortex.o
                0x080017c8                HAL_NVIC_SetPriority
 .text.HAL_NVIC_EnableIRQ
                0x0800182c       0x18 Drivers\STM32F3xx_HAL_Driver\Src\stm32f3xx_hal_cortex.o
                0x0800182c                HAL_NVIC_EnableIRQ
 .text.HAL_SYSTICK_Config
                0x08001844       0x2c Drivers\STM32F3xx_HAL_Driver\Src\stm32f3xx_hal_cortex.o
                0x08001844                HAL_SYSTICK_Config
 .text.HAL_SYSTICK_CLKSourceConfig
                0x08001870       0x20 Drivers\STM32F3xx_HAL_Driver\Src\stm32f3xx_hal_cortex.o
                0x08001870                HAL_SYSTICK_CLKSourceConfig
 .text.HAL_SYSTICK_IRQHandler
                0x08001890        0x8 Drivers\STM32F3xx_HAL_Driver\Src\stm32f3xx_hal_cortex.o
                0x08001890                HAL_SYSTICK_IRQHandler
 .text.HAL_DMA_Abort_IT
                0x08001898       0x4a Drivers\STM32F3xx_HAL_Driver\Src\stm32f3xx_hal_dma.o
                0x08001898                HAL_DMA_Abort_IT
 *fill*         0x080018e2        0x2 
 .text.HAL_GPIO_Init
                0x080018e4      0x194 Drivers\STM32F3xx_HAL_Driver\Src\stm32f3xx_hal_gpio.o
                0x080018e4                HAL_GPIO_Init
 .text.HAL_GPIO_WritePin
                0x08001a78        0xa Drivers\STM32F3xx_HAL_Driver\Src\stm32f3xx_hal_gpio.o
                0x08001a78                HAL_GPIO_WritePin
 *fill*         0x08001a82        0x2 
 .text.HAL_RCC_OscConfig
                0x08001a84      0x60c Drivers\STM32F3xx_HAL_Driver\Src\stm32f3xx_hal_rcc.o
                0x08001a84                HAL_RCC_OscConfig
 .text.HAL_RCC_GetSysClockFreq
                0x08002090       0x70 Drivers\STM32F3xx_HAL_Driver\Src\stm32f3xx_hal_rcc.o
                0x08002090                HAL_RCC_GetSysClockFreq
 .text.HAL_RCC_ClockConfig
                0x08002100      0x1d4 Drivers\STM32F3xx_HAL_Driver\Src\stm32f3xx_hal_rcc.o
                0x08002100                HAL_RCC_ClockConfig
 .text.HAL_RCC_GetHCLKFreq
                0x080022d4        0xc Drivers\STM32F3xx_HAL_Driver\Src\stm32f3xx_hal_rcc.o
                0x080022d4                HAL_RCC_GetHCLKFreq
 .text.HAL_RCC_GetPCLK1Freq
                0x080022e0       0x2c Drivers\STM32F3xx_HAL_Driver\Src\stm32f3xx_hal_rcc.o
                0x080022e0                HAL_RCC_GetPCLK1Freq
 .text.HAL_RCC_GetPCLK2Freq
                0x0800230c       0x2c Drivers\STM32F3xx_HAL_Driver\Src\stm32f3xx_hal_rcc.o
                0x0800230c                HAL_RCC_GetPCLK2Freq
 .text.HAL_RCCEx_PeriphCLKConfig
                0x08002338      0x1ac Drivers\STM32F3xx_HAL_Driver\Src\stm32f3xx_hal_rcc_ex.o
                0x08002338                HAL_RCCEx_PeriphCLKConfig
 .text.UART_EndRxTransfer
                0x080024e4       0x1c Drivers\STM32F3xx_HAL_Driver\Src\stm32f3xx_hal_uart.o
 .text.HAL_UART_Receive_IT
                0x08002500       0xae Drivers\STM32F3xx_HAL_Driver\Src\stm32f3xx_hal_uart.o
                0x08002500                HAL_UART_Receive_IT
 .text.HAL_UART_TxCpltCallback
                0x080025ae        0x2 Drivers\STM32F3xx_HAL_Driver\Src\stm32f3xx_hal_uart.o
                0x080025ae                HAL_UART_TxCpltCallback
 .text.HAL_UART_RxCpltCallback
                0x080025b0        0x2 Drivers\STM32F3xx_HAL_Driver\Src\stm32f3xx_hal_uart.o
                0x080025b0                HAL_UART_RxCpltCallback
 .text.HAL_UART_ErrorCallback
                0x080025b2        0x2 Drivers\STM32F3xx_HAL_Driver\Src\stm32f3xx_hal_uart.o
                0x080025b2                HAL_UART_ErrorCallback
 .text.UART_DMAAbortOnError
                0x080025b4       0x14 Drivers\STM32F3xx_HAL_Driver\Src\stm32f3xx_hal_uart.o
 .text.UART_SetConfig
                0x080025c8      0x1b4 Drivers\STM32F3xx_HAL_Driver\Src\stm32f3xx_hal_uart.o
                0x080025c8                UART_SetConfig
 .text.UART_AdvFeatureConfig
                0x0800277c       0xca Drivers\STM32F3xx_HAL_Driver\Src\stm32f3xx_hal_uart.o
                0x0800277c                UART_AdvFeatureConfig
 .text.UART_WaitOnFlagUntilTimeout
                0x08002846       0x64 Drivers\STM32F3xx_HAL_Driver\Src\stm32f3xx_hal_uart.o
                0x08002846                UART_WaitOnFlagUntilTimeout
 .text.HAL_UART_Transmit
                0x080028aa       0xd0 Drivers\STM32F3xx_HAL_Driver\Src\stm32f3xx_hal_uart.o
                0x080028aa                HAL_UART_Transmit
 .text.UART_CheckIdleState
                0x0800297a       0x70 Drivers\STM32F3xx_HAL_Driver\Src\stm32f3xx_hal_uart.o
                0x0800297a                UART_CheckIdleState
 .text.HAL_UART_Init
                0x080029ea       0x68 Drivers\STM32F3xx_HAL_Driver\Src\stm32f3xx_hal_uart.o
                0x080029ea                HAL_UART_Init
 .text.UART_Transmit_IT
                0x08002a52       0x6e Drivers\STM32F3xx_HAL_Driver\Src\stm32f3xx_hal_uart.o
                0x08002a52                UART_Transmit_IT
 .text.UART_EndTransmit_IT
                0x08002ac0       0x1a Drivers\STM32F3xx_HAL_Driver\Src\stm32f3xx_hal_uart.o
                0x08002ac0                UART_EndTransmit_IT
 .text.UART_Receive_IT
                0x08002ada       0x82 Drivers\STM32F3xx_HAL_Driver\Src\stm32f3xx_hal_uart.o
                0x08002ada                UART_Receive_IT
 .text.HAL_UART_IRQHandler
                0x08002b5c      0x15c Drivers\STM32F3xx_HAL_Driver\Src\stm32f3xx_hal_uart.o
                0x08002b5c                HAL_UART_IRQHandler
 .text.HAL_UARTEx_WakeupCallback
                0x08002cb8        0x2 Drivers\STM32F3xx_HAL_Driver\Src\stm32f3xx_hal_uart_ex.o
                0x08002cb8                HAL_UARTEx_WakeupCallback
 *fill*         0x08002cba        0x2 
 .text.MX_GPIO_Init
                0x08002cbc      0x12c Src\main.o
 .text.MX_USART1_UART_Init
                0x08002de8       0x30 Src\main.o
 .text.MX_ADC1_Init
                0x08002e18       0x70 Src\main.o
 .text.SystemClock_Config
                0x08002e88       0x78 Src\main.o
                0x08002e88                SystemClock_Config
 .text.Disable_Digits
                0x08002f00       0x34 Src\main.o
                0x08002f00                Disable_Digits
 .text.set_all  0x08002f34       0x60 Src\main.o
                0x08002f34                set_all
 .text.reset_all
                0x08002f94       0x60 Src\main.o
                0x08002f94                reset_all
 .text.Digit_Maker
                0x08002ff4      0x124 Src\main.o
                0x08002ff4                Digit_Maker
 .text.Number_Display
                0x08003118      0x16c Src\main.o
                0x08003118                Number_Display
 .text.Number_Maker
                0x08003284       0x8c Src\main.o
                0x08003284                Number_Maker
 .text.convertfromstring
                0x08003310       0x44 Src\main.o
                0x08003310                convertfromstring
 .text.HAL_SYSTICK_Callback
                0x08003354       0x3c Src\main.o
                0x08003354                HAL_SYSTICK_Callback
 .text.HAL_ADC_ConvCpltCallback
                0x08003390       0x9c Src\main.o
                0x08003390                HAL_ADC_ConvCpltCallback
 *fill*         0x0800342c        0x4 
 .text.vconvert
                0x08003430       0xb4 Src\main.o
                0x08003430                vconvert
 *fill*         0x080034e4        0x4 
 .text.iconvert
                0x080034e8       0xb0 Src\main.o
                0x080034e8                iconvert
 .text.Int2String
                0x08003598       0x80 Src\main.o
                0x08003598                Int2String
 .text.main     0x08003618      0x37c Src\main.o
                0x08003618                main
 .text.HAL_MspInit
                0x08003994       0x7c Src\stm32f3xx_hal_msp.o
                0x08003994                HAL_MspInit
 .text.HAL_ADC_MspInit
                0x08003a10       0x54 Src\stm32f3xx_hal_msp.o
                0x08003a10                HAL_ADC_MspInit
 .text.HAL_UART_MspInit
                0x08003a64       0x60 Src\stm32f3xx_hal_msp.o
                0x08003a64                HAL_UART_MspInit
 .text.SysTick_Handler
                0x08003ac4        0xc Src\stm32f3xx_it.o
                0x08003ac4                SysTick_Handler
 .text.ADC1_2_IRQHandler
                0x08003ad0       0x10 Src\stm32f3xx_it.o
                0x08003ad0                ADC1_2_IRQHandler
 .text.USART1_IRQHandler
                0x08003ae0       0x18 Src\stm32f3xx_it.o
                0x08003ae0                USART1_IRQHandler
 .text.SystemInit
                0x08003af8       0x68 Src\system_stm32f3xx.o
                0x08003af8                SystemInit
 .text.Reset_Handler
                0x08003b60       0x50 startup\startup_stm32f334x8.o
                0x08003b60                Reset_Handler
 .text.Default_Handler
                0x08003bb0        0x2 startup\startup_stm32f334x8.o
                0x08003bb0                RTC_Alarm_IRQHandler
                0x08003bb0                HRTIM1_Master_IRQHandler
                0x08003bb0                DebugMon_Handler
                0x08003bb0                TIM1_CC_IRQHandler
                0x08003bb0                HardFault_Handler
                0x08003bb0                HRTIM1_FLT_IRQHandler
                0x08003bb0                PVD_IRQHandler
                0x08003bb0                HRTIM1_TIMD_IRQHandler
                0x08003bb0                TAMP_STAMP_IRQHandler
                0x08003bb0                PendSV_Handler
                0x08003bb0                NMI_Handler
                0x08003bb0                EXTI3_IRQHandler
                0x08003bb0                EXTI0_IRQHandler
                0x08003bb0                FPU_IRQHandler
                0x08003bb0                CAN_TX_IRQHandler
                0x08003bb0                TIM1_UP_TIM16_IRQHandler
                0x08003bb0                UsageFault_Handler
                0x08003bb0                HRTIM1_TIME_IRQHandler
                0x08003bb0                SPI1_IRQHandler
                0x08003bb0                CAN_SCE_IRQHandler
                0x08003bb0                HRTIM1_TIMC_IRQHandler
                0x08003bb0                DMA1_Channel4_IRQHandler
                0x08003bb0                USART3_IRQHandler
                0x08003bb0                DMA1_Channel7_IRQHandler
                0x08003bb0                TIM7_DAC2_IRQHandler
                0x08003bb0                CAN_RX1_IRQHandler
                0x08003bb0                I2C1_EV_IRQHandler
                0x08003bb0                DMA1_Channel6_IRQHandler
                0x08003bb0                TIM3_IRQHandler
                0x08003bb0                RCC_IRQHandler
                0x08003bb0                DMA1_Channel1_IRQHandler
                0x08003bb0                Default_Handler
                0x08003bb0                EXTI15_10_IRQHandler
                0x08003bb0                COMP2_IRQHandler
                0x08003bb0                HRTIM1_TIMA_IRQHandler
                0x08003bb0                TIM6_DAC1_IRQHandler
                0x08003bb0                EXTI9_5_IRQHandler
                0x08003bb0                RTC_WKUP_IRQHandler
                0x08003bb0                MemManage_Handler
                0x08003bb0                SVC_Handler
                0x08003bb0                DMA1_Channel5_IRQHandler
                0x08003bb0                EXTI4_IRQHandler
                0x08003bb0                HRTIM1_TIMB_IRQHandler
                0x08003bb0                TIM1_TRG_COM_TIM17_IRQHandler
                0x08003bb0                DMA1_Channel3_IRQHandler
                0x08003bb0                WWDG_IRQHandler
                0x08003bb0                TIM2_IRQHandler
                0x08003bb0                EXTI1_IRQHandler
                0x08003bb0                COMP4_6_IRQHandler
                0x08003bb0                USART2_IRQHandler
                0x08003bb0                DMA1_Channel2_IRQHandler
                0x08003bb0                FLASH_IRQHandler
                0x08003bb0                BusFault_Handler
                0x08003bb0                CAN_RX0_IRQHandler
                0x08003bb0                I2C1_ER_IRQHandler
                0x08003bb0                EXTI2_TSC_IRQHandler
                0x08003bb0                TIM1_BRK_TIM15_IRQHandler
 *fill*         0x08003bb2        0x2 
 .text.__libc_init_array
                0x08003bb4       0x48 c:/program files (x86)/atollic/truestudio for arm 8.0.0/armtools/bin/../lib/gcc/arm-atollic-eabi/6.3.1/../../../../arm-atollic-eabi/lib/armv7e-m/fpu\libc_nano.a(lib_a-init.o)
                0x08003bb4                __libc_init_array
 .text.sqrtf    0x08003bfc       0xa0 c:/program files (x86)/atollic/truestudio for arm 8.0.0/armtools/bin/../lib/gcc/arm-atollic-eabi/6.3.1/../../../../arm-atollic-eabi/lib/armv7e-m/fpu\libm.a(lib_a-wf_sqrt.o)
                0x08003bfc                sqrtf
 .text.__ieee754_sqrtf
                0x08003c9c       0x8e c:/program files (x86)/atollic/truestudio for arm 8.0.0/armtools/bin/../lib/gcc/arm-atollic-eabi/6.3.1/../../../../arm-atollic-eabi/lib/armv7e-m/fpu\libm.a(lib_a-ef_sqrt.o)
                0x08003c9c                __ieee754_sqrtf
 .text.matherr  0x08003d2a        0x4 c:/program files (x86)/atollic/truestudio for arm 8.0.0/armtools/bin/../lib/gcc/arm-atollic-eabi/6.3.1/../../../../arm-atollic-eabi/lib/armv7e-m/fpu\libm.a(lib_a-s_matherr.o)
                0x08003d2a                matherr
 *fill*         0x08003d2e        0x2 
 .text.__errno  0x08003d30        0xc c:/program files (x86)/atollic/truestudio for arm 8.0.0/armtools/bin/../lib/gcc/arm-atollic-eabi/6.3.1/../../../../arm-atollic-eabi/lib/armv7e-m/fpu\libc_nano.a(lib_a-errno.o)
                0x08003d30                __errno
 *(.glue_7)
 .glue_7        0x08003d3c        0x0 linker stubs
 *(.glue_7t)
 .glue_7t       0x08003d3c        0x0 linker stubs
 *(.eh_frame)
 .eh_frame      0x08003d3c        0x0 c:/program files (x86)/atollic/truestudio for arm 8.0.0/armtools/bin/../lib/gcc/arm-atollic-eabi/6.3.1/armv7e-m/fpu/crtbegin.o
 *(.init)
 .init          0x08003d3c        0x4 c:/program files (x86)/atollic/truestudio for arm 8.0.0/armtools/bin/../lib/gcc/arm-atollic-eabi/6.3.1/armv7e-m/fpu/crti.o
                0x08003d3c                _init
 .init          0x08003d40        0x8 c:/program files (x86)/atollic/truestudio for arm 8.0.0/armtools/bin/../lib/gcc/arm-atollic-eabi/6.3.1/armv7e-m/fpu/crtn.o
 *(.fini)
 .fini          0x08003d48        0x4 c:/program files (x86)/atollic/truestudio for arm 8.0.0/armtools/bin/../lib/gcc/arm-atollic-eabi/6.3.1/armv7e-m/fpu/crti.o
                0x08003d48                _fini
 .fini          0x08003d4c        0x8 c:/program files (x86)/atollic/truestudio for arm 8.0.0/armtools/bin/../lib/gcc/arm-atollic-eabi/6.3.1/armv7e-m/fpu/crtn.o
                0x08003d54                . = ALIGN (0x4)
                0x08003d54                _etext = .

.vfp11_veneer   0x08003d54        0x0
 .vfp11_veneer  0x08003d54        0x0 linker stubs

.v4_bx          0x08003d54        0x0
 .v4_bx         0x08003d54        0x0 linker stubs

.iplt           0x08003d54        0x0
 .iplt          0x08003d54        0x0 c:/program files (x86)/atollic/truestudio for arm 8.0.0/armtools/bin/../lib/gcc/arm-atollic-eabi/6.3.1/armv7e-m/fpu/crtbegin.o

.rodata         0x08003d54       0x40
                0x08003d54                . = ALIGN (0x4)
 *(.rodata)
 *(.rodata*)
 .rodata.aPLLMULFactorTable
                0x08003d54       0x10 Drivers\STM32F3xx_HAL_Driver\Src\stm32f3xx_hal_rcc.o
                0x08003d54                aPLLMULFactorTable
 .rodata.aPredivFactorTable
                0x08003d64       0x10 Drivers\STM32F3xx_HAL_Driver\Src\stm32f3xx_hal_rcc.o
                0x08003d64                aPredivFactorTable
 .rodata.AHBPrescTable
                0x08003d74       0x10 Src\system_stm32f3xx.o
                0x08003d74                AHBPrescTable
 .rodata.APBPrescTable
                0x08003d84        0x8 Src\system_stm32f3xx.o
                0x08003d84                APBPrescTable
 .rodata.sqrtf.str1.1
                0x08003d8c        0x6 c:/program files (x86)/atollic/truestudio for arm 8.0.0/armtools/bin/../lib/gcc/arm-atollic-eabi/6.3.1/../../../../arm-atollic-eabi/lib/armv7e-m/fpu\libm.a(lib_a-wf_sqrt.o)
                0x08003d94                . = ALIGN (0x4)
 *fill*         0x08003d92        0x2 

.rel.dyn        0x08003d94        0x0
 .rel.iplt      0x08003d94        0x0 c:/program files (x86)/atollic/truestudio for arm 8.0.0/armtools/bin/../lib/gcc/arm-atollic-eabi/6.3.1/armv7e-m/fpu/crtbegin.o

.ARM.extab
 *(.ARM.extab* .gnu.linkonce.armextab.*)

.ARM            0x08003d94        0x0
                0x08003d94                __exidx_start = .
 *(.ARM.exidx*)
                0x08003d94                __exidx_end = .

.preinit_array  0x08003d94        0x0
                0x08003d94                PROVIDE (__preinit_array_start, .)
 *(.preinit_array*)
                0x08003d94                PROVIDE (__preinit_array_end, .)

.init_array     0x08003d94        0x4
                0x08003d94                PROVIDE (__init_array_start, .)
 *(SORT(.init_array.*))
 *(.init_array*)
 .init_array    0x08003d94        0x4 c:/program files (x86)/atollic/truestudio for arm 8.0.0/armtools/bin/../lib/gcc/arm-atollic-eabi/6.3.1/armv7e-m/fpu/crtbegin.o
                0x08003d98                PROVIDE (__init_array_end, .)

.fini_array     0x08003d98        0x4
                [!provide]                PROVIDE (__fini_array_start, .)
 *(SORT(.fini_array.*))
 *(.fini_array*)
 .fini_array    0x08003d98        0x4 c:/program files (x86)/atollic/truestudio for arm 8.0.0/armtools/bin/../lib/gcc/arm-atollic-eabi/6.3.1/armv7e-m/fpu/crtbegin.o
                [!provide]                PROVIDE (__fini_array_end, .)
                0x08003d9c                _sidata = LOADADDR (.data)

.data           0x20000000       0xd0 load address 0x08003d9c
                0x20000000                . = ALIGN (0x4)
                0x20000000                _sdata = .
 *(.data)
 *(.data*)
 .data.TransmitBufferA
                0x20000000        0xe Src\main.o
                0x20000000                TransmitBufferA
 *fill*         0x2000000e        0x2 
 .data.TransmitBufferF
                0x20000010        0x5 Src\main.o
                0x20000010                TransmitBufferF
 *fill*         0x20000015        0x3 
 .data.TransmitBufferG
                0x20000018        0x7 Src\main.o
                0x20000018                TransmitBufferG
 *fill*         0x2000001f        0x1 
 .data.TransmitBufferGH
                0x20000020        0x9 Src\main.o
                0x20000020                TransmitBufferGH
 *fill*         0x20000029        0x3 
 .data.TransmitBufferGT
                0x2000002c        0x8 Src\main.o
                0x2000002c                TransmitBufferGT
 .data.TransmitBufferK
                0x20000034       0x23 Src\main.o
                0x20000034                TransmitBufferK
 *fill*         0x20000057        0x1 
 .data.ValveOpen
                0x20000058        0x4 Src\main.o
                0x20000058                ValveOpen
 .data.Vdd      0x2000005c        0x4 Src\main.o
                0x2000005c                Vdd
 .data.kprocess
                0x20000060        0x4 Src\main.o
                0x20000060                kprocess
 .data.SystemCoreClock
                0x20000064        0x4 Src\system_stm32f3xx.o
                0x20000064                SystemCoreClock
 .data.__fdlib_version
                0x20000068        0x1 c:/program files (x86)/atollic/truestudio for arm 8.0.0/armtools/bin/../lib/gcc/arm-atollic-eabi/6.3.1/../../../../arm-atollic-eabi/lib/armv7e-m/fpu\libm.a(lib_a-s_lib_ver.o)
                0x20000068                __fdlib_version
 *fill*         0x20000069        0x3 
 .data._impure_ptr
                0x2000006c        0x4 c:/program files (x86)/atollic/truestudio for arm 8.0.0/armtools/bin/../lib/gcc/arm-atollic-eabi/6.3.1/../../../../arm-atollic-eabi/lib/armv7e-m/fpu\libc_nano.a(lib_a-impure.o)
                0x2000006c                _impure_ptr
 .data.impure_data
                0x20000070       0x60 c:/program files (x86)/atollic/truestudio for arm 8.0.0/armtools/bin/../lib/gcc/arm-atollic-eabi/6.3.1/../../../../arm-atollic-eabi/lib/armv7e-m/fpu\libc_nano.a(lib_a-impure.o)
                0x200000d0                . = ALIGN (0x4)
                0x200000d0                _edata = .
                0x08003e6c                _siccmram = LOADADDR (.ccmram)

.igot.plt       0x200000d0        0x0 load address 0x08003e6c
 .igot.plt      0x200000d0        0x0 c:/program files (x86)/atollic/truestudio for arm 8.0.0/armtools/bin/../lib/gcc/arm-atollic-eabi/6.3.1/armv7e-m/fpu/crtbegin.o

.ccmram         0x10000000        0x0 load address 0x08003e6c
                0x10000000                . = ALIGN (0x4)
                0x10000000                _sccmram = .
 *(.ccmram)
 *(.ccmram*)
                0x10000000                . = ALIGN (0x4)
                0x10000000                _eccmram = .
                0x10000000                . = ALIGN (0x4)

.bss            0x200000d0      0x948
                0x200000d0                _sbss = .
                0x200000d0                __bss_start__ = _sbss
 *(.bss)
 .bss           0x200000d0       0x1c c:/program files (x86)/atollic/truestudio for arm 8.0.0/armtools/bin/../lib/gcc/arm-atollic-eabi/6.3.1/armv7e-m/fpu/crtbegin.o
 *(.bss*)
 .bss.ADCmsecCntr
                0x200000ec        0x1 Src\main.o
                0x200000ec                ADCmsecCntr
 .bss.ADCmsecFlag
                0x200000ed        0x1 Src\main.o
                0x200000ed                ADCmsecFlag
 *fill*         0x200000ee        0x2 
 .bss.Element   0x200000f0        0x4 Src\main.o
                0x200000f0                Element
 .bss.LEDmsecCntr
                0x200000f4        0x1 Src\main.o
                0x200000f4                LEDmsecCntr
 .bss.LEDmsecFlag
                0x200000f5        0x1 Src\main.o
                0x200000f5                LEDmsecFlag
 .bss.TempInteger
                0x200000f6        0x2 Src\main.o
                0x200000f6                TempInteger
 .bss.c         0x200000f8        0x4 Src\main.o
                0x200000f8                c
 .bss.count     0x200000fc        0x1 Src\main.o
                0x200000fc                count
 .bss.cplt      0x200000fd        0x1 Src\main.o
                0x200000fd                cplt
 *fill*         0x200000fe        0x2 
 .bss.inumvalue
                0x20000100        0x4 Src\main.o
                0x20000100                inumvalue
 .bss.position  0x20000104        0x4 Src\main.o
                0x20000104                position
 .bss.v         0x20000108        0x4 Src\main.o
                0x20000108                v
 .bss.vnumvalue
                0x2000010c        0x4 Src\main.o
                0x2000010c                vnumvalue
 *(COMMON)
 COMMON         0x20000110        0x4 Drivers\STM32F3xx_HAL_Driver\Src\stm32f3xx_hal.o
                0x20000110                uwTick
 COMMON         0x20000114      0x904 Src\main.o
                0x20000114                VoltageSignal
                0x20000118                vbuff
                0x20000136                channel1
                0x20000138                inew
                0x200002c8                CurrentSignal
                0x200002cc                VALUE_VoltageArray
                0x2000045c                hadc1
                0x200004b0                huart1
                0x20000520                ADC_VoltageArray
                0x200005e8                num
                0x200005ec                TempBuffer
                0x200005f6                I_RMS
                0x200005f8                VALUE_CurrentArray
                0x20000788                ibuff
                0x200007a8                HoldBuffer
                0x200007b4                ReceiveBuffer
                0x200007b8                ADC_CurrentArray
                0x20000880                SignedInteger
                0x20000882                ReceiveFlag
                0x20000884                V_RMS
                0x20000888                vnew
                0x20000a18                . = ALIGN (0x4)
                0x20000a18                _ebss = .
                0x20000a18                __bss_end__ = _ebss

._user_heap_stack
                0x20000a18      0x600
                0x20000a18                . = ALIGN (0x4)
                [!provide]                PROVIDE (end, .)
                [!provide]                PROVIDE (_end, .)
                0x20000c18                . = (. + _Min_Heap_Size)
 *fill*         0x20000a18      0x200 
                0x20001018                . = (. + _Min_Stack_Size)
 *fill*         0x20000c18      0x400 
                0x20001018                . = ALIGN (0x4)

/DISCARD/
 libc.a(*)
 libm.a(*)
 libgcc.a(*)

.ARM.attributes
                0x00000000       0x30
 *(.ARM.attributes)
 .ARM.attributes
                0x00000000       0x22 c:/program files (x86)/atollic/truestudio for arm 8.0.0/armtools/bin/../lib/gcc/arm-atollic-eabi/6.3.1/armv7e-m/fpu/crti.o
 .ARM.attributes
                0x00000022       0x34 c:/program files (x86)/atollic/truestudio for arm 8.0.0/armtools/bin/../lib/gcc/arm-atollic-eabi/6.3.1/armv7e-m/fpu/crtbegin.o
 .ARM.attributes
                0x00000056       0x39 Drivers\STM32F3xx_HAL_Driver\Src\stm32f3xx_hal.o
 .ARM.attributes
                0x0000008f       0x39 Drivers\STM32F3xx_HAL_Driver\Src\stm32f3xx_hal_adc.o
 .ARM.attributes
                0x000000c8       0x39 Drivers\STM32F3xx_HAL_Driver\Src\stm32f3xx_hal_adc_ex.o
 .ARM.attributes
                0x00000101       0x39 Drivers\STM32F3xx_HAL_Driver\Src\stm32f3xx_hal_cortex.o
 .ARM.attributes
                0x0000013a       0x39 Drivers\STM32F3xx_HAL_Driver\Src\stm32f3xx_hal_dma.o
 .ARM.attributes
                0x00000173       0x39 Drivers\STM32F3xx_HAL_Driver\Src\stm32f3xx_hal_gpio.o
 .ARM.attributes
                0x000001ac       0x39 Drivers\STM32F3xx_HAL_Driver\Src\stm32f3xx_hal_rcc.o
 .ARM.attributes
                0x000001e5       0x39 Drivers\STM32F3xx_HAL_Driver\Src\stm32f3xx_hal_rcc_ex.o
 .ARM.attributes
                0x0000021e       0x39 Drivers\STM32F3xx_HAL_Driver\Src\stm32f3xx_hal_uart.o
 .ARM.attributes
                0x00000257       0x39 Drivers\STM32F3xx_HAL_Driver\Src\stm32f3xx_hal_uart_ex.o
 .ARM.attributes
                0x00000290       0x39 Src\main.o
 .ARM.attributes
                0x000002c9       0x39 Src\stm32f3xx_hal_msp.o
 .ARM.attributes
                0x00000302       0x39 Src\stm32f3xx_it.o
 .ARM.attributes
                0x0000033b       0x39 Src\system_stm32f3xx.o
 .ARM.attributes
                0x00000374       0x21 startup\startup_stm32f334x8.o
 .ARM.attributes
                0x00000395       0x34 c:/program files (x86)/atollic/truestudio for arm 8.0.0/armtools/bin/../lib/gcc/arm-atollic-eabi/6.3.1/../../../../arm-atollic-eabi/lib/armv7e-m/fpu\libc_nano.a(lib_a-init.o)
 .ARM.attributes
                0x000003c9       0x34 c:/program files (x86)/atollic/truestudio for arm 8.0.0/armtools/bin/../lib/gcc/arm-atollic-eabi/6.3.1/../../../../arm-atollic-eabi/lib/armv7e-m/fpu\libm.a(lib_a-wf_sqrt.o)
 .ARM.attributes
                0x000003fd       0x34 c:/program files (x86)/atollic/truestudio for arm 8.0.0/armtools/bin/../lib/gcc/arm-atollic-eabi/6.3.1/../../../../arm-atollic-eabi/lib/armv7e-m/fpu\libm.a(lib_a-ef_sqrt.o)
 .ARM.attributes
                0x00000431       0x34 c:/program files (x86)/atollic/truestudio for arm 8.0.0/armtools/bin/../lib/gcc/arm-atollic-eabi/6.3.1/../../../../arm-atollic-eabi/lib/armv7e-m/fpu\libm.a(lib_a-s_lib_ver.o)
 .ARM.attributes
                0x00000465       0x34 c:/program files (x86)/atollic/truestudio for arm 8.0.0/armtools/bin/../lib/gcc/arm-atollic-eabi/6.3.1/../../../../arm-atollic-eabi/lib/armv7e-m/fpu\libm.a(lib_a-s_matherr.o)
 .ARM.attributes
                0x00000499       0x34 c:/program files (x86)/atollic/truestudio for arm 8.0.0/armtools/bin/../lib/gcc/arm-atollic-eabi/6.3.1/../../../../arm-atollic-eabi/lib/armv7e-m/fpu\libc_nano.a(lib_a-errno.o)
 .ARM.attributes
                0x000004cd       0x34 c:/program files (x86)/atollic/truestudio for arm 8.0.0/armtools/bin/../lib/gcc/arm-atollic-eabi/6.3.1/../../../../arm-atollic-eabi/lib/armv7e-m/fpu\libc_nano.a(lib_a-impure.o)
 .ARM.attributes
                0x00000501       0x22 c:/program files (x86)/atollic/truestudio for arm 8.0.0/armtools/bin/../lib/gcc/arm-atollic-eabi/6.3.1/armv7e-m/fpu\libgcc.a(_arm_addsubdf3.o)
 .ARM.attributes
                0x00000523       0x22 c:/program files (x86)/atollic/truestudio for arm 8.0.0/armtools/bin/../lib/gcc/arm-atollic-eabi/6.3.1/armv7e-m/fpu\libgcc.a(_arm_muldivdf3.o)
 .ARM.attributes
                0x00000545       0x22 c:/program files (x86)/atollic/truestudio for arm 8.0.0/armtools/bin/../lib/gcc/arm-atollic-eabi/6.3.1/armv7e-m/fpu\libgcc.a(_arm_truncdfsf2.o)
 .ARM.attributes
                0x00000567       0x22 c:/program files (x86)/atollic/truestudio for arm 8.0.0/armtools/bin/../lib/gcc/arm-atollic-eabi/6.3.1/armv7e-m/fpu/crtn.o
OUTPUT(Demo2.7.elf elf32-littlearm)

.debug_info     0x00000000    0x13a7b
 .debug_info    0x00000000      0xf58 Drivers\STM32F3xx_HAL_Driver\Src\stm32f3xx_hal.o
 .debug_info    0x00000f58     0x1369 Drivers\STM32F3xx_HAL_Driver\Src\stm32f3xx_hal_adc.o
 .debug_info    0x000022c1     0x22b4 Drivers\STM32F3xx_HAL_Driver\Src\stm32f3xx_hal_adc_ex.o
 .debug_info    0x00004575     0x149a Drivers\STM32F3xx_HAL_Driver\Src\stm32f3xx_hal_cortex.o
 .debug_info    0x00005a0f     0x103d Drivers\STM32F3xx_HAL_Driver\Src\stm32f3xx_hal_dma.o
 .debug_info    0x00006a4c      0xf97 Drivers\STM32F3xx_HAL_Driver\Src\stm32f3xx_hal_gpio.o
 .debug_info    0x000079e3     0x1ba3 Drivers\STM32F3xx_HAL_Driver\Src\stm32f3xx_hal_rcc.o
 .debug_info    0x00009586      0xe5e Drivers\STM32F3xx_HAL_Driver\Src\stm32f3xx_hal_rcc_ex.o
 .debug_info    0x0000a3e4     0x21d2 Drivers\STM32F3xx_HAL_Driver\Src\stm32f3xx_hal_uart.o
 .debug_info    0x0000c5b6     0x1135 Drivers\STM32F3xx_HAL_Driver\Src\stm32f3xx_hal_uart_ex.o
 .debug_info    0x0000d6eb     0x2cc6 Src\main.o
 .debug_info    0x000103b1     0x17ef Src\stm32f3xx_hal_msp.o
 .debug_info    0x00011ba0     0x1249 Src\stm32f3xx_it.o
 .debug_info    0x00012de9      0xc24 Src\system_stm32f3xx.o
 .debug_info    0x00013a0d       0x6e startup\startup_stm32f334x8.o

.debug_abbrev   0x00000000     0x243d
 .debug_abbrev  0x00000000      0x29e Drivers\STM32F3xx_HAL_Driver\Src\stm32f3xx_hal.o
 .debug_abbrev  0x0000029e      0x1f6 Drivers\STM32F3xx_HAL_Driver\Src\stm32f3xx_hal_adc.o
 .debug_abbrev  0x00000494      0x305 Drivers\STM32F3xx_HAL_Driver\Src\stm32f3xx_hal_adc_ex.o
 .debug_abbrev  0x00000799      0x386 Drivers\STM32F3xx_HAL_Driver\Src\stm32f3xx_hal_cortex.o
 .debug_abbrev  0x00000b1f      0x29c Drivers\STM32F3xx_HAL_Driver\Src\stm32f3xx_hal_dma.o
 .debug_abbrev  0x00000dbb      0x26d Drivers\STM32F3xx_HAL_Driver\Src\stm32f3xx_hal_gpio.o
 .debug_abbrev  0x00001028      0x30b Drivers\STM32F3xx_HAL_Driver\Src\stm32f3xx_hal_rcc.o
 .debug_abbrev  0x00001333      0x2fc Drivers\STM32F3xx_HAL_Driver\Src\stm32f3xx_hal_rcc_ex.o
 .debug_abbrev  0x0000162f      0x2b1 Drivers\STM32F3xx_HAL_Driver\Src\stm32f3xx_hal_uart.o
 .debug_abbrev  0x000018e0      0x26e Drivers\STM32F3xx_HAL_Driver\Src\stm32f3xx_hal_uart_ex.o
 .debug_abbrev  0x00001b4e      0x327 Src\main.o
 .debug_abbrev  0x00001e75      0x209 Src\stm32f3xx_hal_msp.o
 .debug_abbrev  0x0000207e      0x1e0 Src\stm32f3xx_it.o
 .debug_abbrev  0x0000225e      0x1cd Src\system_stm32f3xx.o
 .debug_abbrev  0x0000242b       0x12 startup\startup_stm32f334x8.o

.debug_loc      0x00000000     0x5f11
 .debug_loc     0x00000000       0x69 Drivers\STM32F3xx_HAL_Driver\Src\stm32f3xx_hal.o
 .debug_loc     0x00000069      0x1ef Drivers\STM32F3xx_HAL_Driver\Src\stm32f3xx_hal_adc.o
 .debug_loc     0x00000258     0x1ad4 Drivers\STM32F3xx_HAL_Driver\Src\stm32f3xx_hal_adc_ex.o
 .debug_loc     0x00001d2c      0x5ad Drivers\STM32F3xx_HAL_Driver\Src\stm32f3xx_hal_cortex.o
 .debug_loc     0x000022d9      0x708 Drivers\STM32F3xx_HAL_Driver\Src\stm32f3xx_hal_dma.o
 .debug_loc     0x000029e1      0x331 Drivers\STM32F3xx_HAL_Driver\Src\stm32f3xx_hal_gpio.o
 .debug_loc     0x00002d12      0x913 Drivers\STM32F3xx_HAL_Driver\Src\stm32f3xx_hal_rcc.o
 .debug_loc     0x00003625      0x4aa Drivers\STM32F3xx_HAL_Driver\Src\stm32f3xx_hal_rcc_ex.o
 .debug_loc     0x00003acf     0x1635 Drivers\STM32F3xx_HAL_Driver\Src\stm32f3xx_hal_uart.o
 .debug_loc     0x00005104      0x31c Drivers\STM32F3xx_HAL_Driver\Src\stm32f3xx_hal_uart_ex.o
 .debug_loc     0x00005420      0x93c Src\main.o
 .debug_loc     0x00005d5c       0xb6 Src\stm32f3xx_hal_msp.o
 .debug_loc     0x00005e12       0xff Src\system_stm32f3xx.o

.debug_aranges  0x00000000      0x8c8
 .debug_aranges
                0x00000000       0xc8 Drivers\STM32F3xx_HAL_Driver\Src\stm32f3xx_hal.o
 .debug_aranges
                0x000000c8       0xc8 Drivers\STM32F3xx_HAL_Driver\Src\stm32f3xx_hal_adc.o
 .debug_aranges
                0x00000190      0x168 Drivers\STM32F3xx_HAL_Driver\Src\stm32f3xx_hal_adc_ex.o
 .debug_aranges
                0x000002f8       0x90 Drivers\STM32F3xx_HAL_Driver\Src\stm32f3xx_hal_cortex.o
 .debug_aranges
                0x00000388       0x88 Drivers\STM32F3xx_HAL_Driver\Src\stm32f3xx_hal_dma.o
 .debug_aranges
                0x00000410       0x58 Drivers\STM32F3xx_HAL_Driver\Src\stm32f3xx_hal_gpio.o
 .debug_aranges
                0x00000468       0x88 Drivers\STM32F3xx_HAL_Driver\Src\stm32f3xx_hal_rcc.o
 .debug_aranges
                0x000004f0       0x38 Drivers\STM32F3xx_HAL_Driver\Src\stm32f3xx_hal_rcc_ex.o
 .debug_aranges
                0x00000528      0x1f0 Drivers\STM32F3xx_HAL_Driver\Src\stm32f3xx_hal_uart.o
 .debug_aranges
                0x00000718       0x48 Drivers\STM32F3xx_HAL_Driver\Src\stm32f3xx_hal_uart_ex.o
 .debug_aranges
                0x00000760       0xa8 Src\main.o
 .debug_aranges
                0x00000808       0x40 Src\stm32f3xx_hal_msp.o
 .debug_aranges
                0x00000848       0x30 Src\stm32f3xx_it.o
 .debug_aranges
                0x00000878       0x28 Src\system_stm32f3xx.o
 .debug_aranges
                0x000008a0       0x28 startup\startup_stm32f334x8.o

.debug_ranges   0x00000000      0x878
 .debug_ranges  0x00000000       0xb8 Drivers\STM32F3xx_HAL_Driver\Src\stm32f3xx_hal.o
 .debug_ranges  0x000000b8       0xb8 Drivers\STM32F3xx_HAL_Driver\Src\stm32f3xx_hal_adc.o
 .debug_ranges  0x00000170      0x158 Drivers\STM32F3xx_HAL_Driver\Src\stm32f3xx_hal_adc_ex.o
 .debug_ranges  0x000002c8       0xe0 Drivers\STM32F3xx_HAL_Driver\Src\stm32f3xx_hal_cortex.o
 .debug_ranges  0x000003a8       0x78 Drivers\STM32F3xx_HAL_Driver\Src\stm32f3xx_hal_dma.o
 .debug_ranges  0x00000420       0x48 Drivers\STM32F3xx_HAL_Driver\Src\stm32f3xx_hal_gpio.o
 .debug_ranges  0x00000468       0x98 Drivers\STM32F3xx_HAL_Driver\Src\stm32f3xx_hal_rcc.o
 .debug_ranges  0x00000500       0x40 Drivers\STM32F3xx_HAL_Driver\Src\stm32f3xx_hal_rcc_ex.o
 .debug_ranges  0x00000540      0x1e0 Drivers\STM32F3xx_HAL_Driver\Src\stm32f3xx_hal_uart.o
 .debug_ranges  0x00000720       0x38 Drivers\STM32F3xx_HAL_Driver\Src\stm32f3xx_hal_uart_ex.o
 .debug_ranges  0x00000758       0x98 Src\main.o
 .debug_ranges  0x000007f0       0x30 Src\stm32f3xx_hal_msp.o
 .debug_ranges  0x00000820       0x20 Src\stm32f3xx_it.o
 .debug_ranges  0x00000840       0x18 Src\system_stm32f3xx.o
 .debug_ranges  0x00000858       0x20 startup\startup_stm32f334x8.o

.debug_macro    0x00000000    0x1d3b3
 .debug_macro   0x00000000      0x33d Drivers\STM32F3xx_HAL_Driver\Src\stm32f3xx_hal.o
 .debug_macro   0x0000033d      0x8b6 Drivers\STM32F3xx_HAL_Driver\Src\stm32f3xx_hal.o
 .debug_macro   0x00000bf3       0x58 Drivers\STM32F3xx_HAL_Driver\Src\stm32f3xx_hal.o
 .debug_macro   0x00000c4b       0xa5 Drivers\STM32F3xx_HAL_Driver\Src\stm32f3xx_hal.o
 .debug_macro   0x00000cf0       0x2f Drivers\STM32F3xx_HAL_Driver\Src\stm32f3xx_hal.o
 .debug_macro   0x00000d1f       0x28 Drivers\STM32F3xx_HAL_Driver\Src\stm32f3xx_hal.o
 .debug_macro   0x00000d47       0x22 Drivers\STM32F3xx_HAL_Driver\Src\stm32f3xx_hal.o
 .debug_macro   0x00000d69       0x87 Drivers\STM32F3xx_HAL_Driver\Src\stm32f3xx_hal.o
 .debug_macro   0x00000df0       0x51 Drivers\STM32F3xx_HAL_Driver\Src\stm32f3xx_hal.o
 .debug_macro   0x00000e41       0xef Drivers\STM32F3xx_HAL_Driver\Src\stm32f3xx_hal.o
 .debug_macro   0x00000f30       0x6a Drivers\STM32F3xx_HAL_Driver\Src\stm32f3xx_hal.o
 .debug_macro   0x00000f9a      0x1df Drivers\STM32F3xx_HAL_Driver\Src\stm32f3xx_hal.o
 .debug_macro   0x00001179       0x35 Drivers\STM32F3xx_HAL_Driver\Src\stm32f3xx_hal.o
 .debug_macro   0x000011ae       0x50 Drivers\STM32F3xx_HAL_Driver\Src\stm32f3xx_hal.o
 .debug_macro   0x000011fe      0xd40 Drivers\STM32F3xx_HAL_Driver\Src\stm32f3xx_hal.o
 .debug_macro   0x00001f3e    0x15472 Drivers\STM32F3xx_HAL_Driver\Src\stm32f3xx_hal.o
 .debug_macro   0x000173b0       0x43 Drivers\STM32F3xx_HAL_Driver\Src\stm32f3xx_hal.o
 .debug_macro   0x000173f3       0x46 Drivers\STM32F3xx_HAL_Driver\Src\stm32f3xx_hal.o
 .debug_macro   0x00017439       0x3c Drivers\STM32F3xx_HAL_Driver\Src\stm32f3xx_hal.o
 .debug_macro   0x00017475       0x9c Drivers\STM32F3xx_HAL_Driver\Src\stm32f3xx_hal.o
 .debug_macro   0x00017511       0x16 Drivers\STM32F3xx_HAL_Driver\Src\stm32f3xx_hal.o
 .debug_macro   0x00017527       0x97 Drivers\STM32F3xx_HAL_Driver\Src\stm32f3xx_hal.o
 .debug_macro   0x000175be      0x30d Drivers\STM32F3xx_HAL_Driver\Src\stm32f3xx_hal.o
 .debug_macro   0x000178cb       0xfd Drivers\STM32F3xx_HAL_Driver\Src\stm32f3xx_hal.o
 .debug_macro   0x000179c8       0x10 Drivers\STM32F3xx_HAL_Driver\Src\stm32f3xx_hal.o
 .debug_macro   0x000179d8       0x52 Drivers\STM32F3xx_HAL_Driver\Src\stm32f3xx_hal.o
 .debug_macro   0x00017a2a       0x1f Drivers\STM32F3xx_HAL_Driver\Src\stm32f3xx_hal.o
 .debug_macro   0x00017a49       0x43 Drivers\STM32F3xx_HAL_Driver\Src\stm32f3xx_hal.o
 .debug_macro   0x00017a8c       0x20 Drivers\STM32F3xx_HAL_Driver\Src\stm32f3xx_hal.o
 .debug_macro   0x00017aac      0x1a3 Drivers\STM32F3xx_HAL_Driver\Src\stm32f3xx_hal.o
 .debug_macro   0x00017c4f       0x10 Drivers\STM32F3xx_HAL_Driver\Src\stm32f3xx_hal.o
 .debug_macro   0x00017c5f       0x1c Drivers\STM32F3xx_HAL_Driver\Src\stm32f3xx_hal.o
 .debug_macro   0x00017c7b       0x52 Drivers\STM32F3xx_HAL_Driver\Src\stm32f3xx_hal.o
 .debug_macro   0x00017ccd       0x40 Drivers\STM32F3xx_HAL_Driver\Src\stm32f3xx_hal.o
 .debug_macro   0x00017d0d       0x10 Drivers\STM32F3xx_HAL_Driver\Src\stm32f3xx_hal.o
 .debug_macro   0x00017d1d       0x40 Drivers\STM32F3xx_HAL_Driver\Src\stm32f3xx_hal.o
 .debug_macro   0x00017d5d       0xd7 Drivers\STM32F3xx_HAL_Driver\Src\stm32f3xx_hal.o
 .debug_macro   0x00017e34       0x16 Drivers\STM32F3xx_HAL_Driver\Src\stm32f3xx_hal.o
 .debug_macro   0x00017e4a      0x161 Drivers\STM32F3xx_HAL_Driver\Src\stm32f3xx_hal.o
 .debug_macro   0x00017fab       0x49 Drivers\STM32F3xx_HAL_Driver\Src\stm32f3xx_hal.o
 .debug_macro   0x00017ff4      0x8ff Drivers\STM32F3xx_HAL_Driver\Src\stm32f3xx_hal.o
 .debug_macro   0x000188f3      0x358 Drivers\STM32F3xx_HAL_Driver\Src\stm32f3xx_hal.o
 .debug_macro   0x00018c4b      0x13a Drivers\STM32F3xx_HAL_Driver\Src\stm32f3xx_hal.o
 .debug_macro   0x00018d85      0x130 Drivers\STM32F3xx_HAL_Driver\Src\stm32f3xx_hal.o
 .debug_macro   0x00018eb5      0x1bc Drivers\STM32F3xx_HAL_Driver\Src\stm32f3xx_hal.o
 .debug_macro   0x00019071       0x34 Drivers\STM32F3xx_HAL_Driver\Src\stm32f3xx_hal.o
 .debug_macro   0x000190a5       0x3c Drivers\STM32F3xx_HAL_Driver\Src\stm32f3xx_hal.o
 .debug_macro   0x000190e1       0x57 Drivers\STM32F3xx_HAL_Driver\Src\stm32f3xx_hal.o
 .debug_macro   0x00019138      0x84c Drivers\STM32F3xx_HAL_Driver\Src\stm32f3xx_hal.o
 .debug_macro   0x00019984       0x77 Drivers\STM32F3xx_HAL_Driver\Src\stm32f3xx_hal.o
 .debug_macro   0x000199fb       0xcb Drivers\STM32F3xx_HAL_Driver\Src\stm32f3xx_hal.o
 .debug_macro   0x00019ac6      0x1a0 Drivers\STM32F3xx_HAL_Driver\Src\stm32f3xx_hal.o
 .debug_macro   0x00019c66      0x202 Drivers\STM32F3xx_HAL_Driver\Src\stm32f3xx_hal.o
 .debug_macro   0x00019e68       0x5b Drivers\STM32F3xx_HAL_Driver\Src\stm32f3xx_hal.o
 .debug_macro   0x00019ec3       0x90 Drivers\STM32F3xx_HAL_Driver\Src\stm32f3xx_hal.o
 .debug_macro   0x00019f53       0x82 Drivers\STM32F3xx_HAL_Driver\Src\stm32f3xx_hal.o
 .debug_macro   0x00019fd5       0xd3 Drivers\STM32F3xx_HAL_Driver\Src\stm32f3xx_hal.o
 .debug_macro   0x0001a0a8      0x566 Drivers\STM32F3xx_HAL_Driver\Src\stm32f3xx_hal.o
 .debug_macro   0x0001a60e       0x31 Drivers\STM32F3xx_HAL_Driver\Src\stm32f3xx_hal.o
 .debug_macro   0x0001a63f      0x298 Drivers\STM32F3xx_HAL_Driver\Src\stm32f3xx_hal.o
 .debug_macro   0x0001a8d7      0x31a Drivers\STM32F3xx_HAL_Driver\Src\stm32f3xx_hal_adc.o
 .debug_macro   0x0001abf1      0x343 Drivers\STM32F3xx_HAL_Driver\Src\stm32f3xx_hal_adc_ex.o
 .debug_macro   0x0001af34      0x319 Drivers\STM32F3xx_HAL_Driver\Src\stm32f3xx_hal_cortex.o
 .debug_macro   0x0001b24d      0x319 Drivers\STM32F3xx_HAL_Driver\Src\stm32f3xx_hal_dma.o
 .debug_macro   0x0001b566      0x351 Drivers\STM32F3xx_HAL_Driver\Src\stm32f3xx_hal_gpio.o
 .debug_macro   0x0001b8b7      0x33d Drivers\STM32F3xx_HAL_Driver\Src\stm32f3xx_hal_rcc.o
 .debug_macro   0x0001bbf4      0x319 Drivers\STM32F3xx_HAL_Driver\Src\stm32f3xx_hal_rcc_ex.o
 .debug_macro   0x0001bf0d      0x321 Drivers\STM32F3xx_HAL_Driver\Src\stm32f3xx_hal_uart.o
 .debug_macro   0x0001c22e      0x319 Drivers\STM32F3xx_HAL_Driver\Src\stm32f3xx_hal_uart_ex.o
 .debug_macro   0x0001c547      0x330 Src\main.o
 .debug_macro   0x0001c877      0x1e1 Src\main.o
 .debug_macro   0x0001ca58      0x319 Src\stm32f3xx_hal_msp.o
 .debug_macro   0x0001cd71      0x323 Src\stm32f3xx_it.o
 .debug_macro   0x0001d094      0x31f Src\system_stm32f3xx.o

.debug_line     0x00000000     0x8a20
 .debug_line    0x00000000      0x83c Drivers\STM32F3xx_HAL_Driver\Src\stm32f3xx_hal.o
 .debug_line    0x0000083c      0x83a Drivers\STM32F3xx_HAL_Driver\Src\stm32f3xx_hal_adc.o
 .debug_line    0x00001076     0x14b9 Drivers\STM32F3xx_HAL_Driver\Src\stm32f3xx_hal_adc_ex.o
 .debug_line    0x0000252f      0x85e Drivers\STM32F3xx_HAL_Driver\Src\stm32f3xx_hal_cortex.o
 .debug_line    0x00002d8d      0x8f7 Drivers\STM32F3xx_HAL_Driver\Src\stm32f3xx_hal_dma.o
 .debug_line    0x00003684      0x804 Drivers\STM32F3xx_HAL_Driver\Src\stm32f3xx_hal_gpio.o
 .debug_line    0x00003e88      0xb5f Drivers\STM32F3xx_HAL_Driver\Src\stm32f3xx_hal_rcc.o
 .debug_line    0x000049e7      0x858 Drivers\STM32F3xx_HAL_Driver\Src\stm32f3xx_hal_rcc_ex.o
 .debug_line    0x0000523f     0x10e8 Drivers\STM32F3xx_HAL_Driver\Src\stm32f3xx_hal_uart.o
 .debug_line    0x00006327      0x7bc Drivers\STM32F3xx_HAL_Driver\Src\stm32f3xx_hal_uart_ex.o
 .debug_line    0x00006ae3      0x9fe Src\main.o
 .debug_line    0x000074e1      0x712 Src\stm32f3xx_hal_msp.o
 .debug_line    0x00007bf3      0x6d6 Src\stm32f3xx_it.o
 .debug_line    0x000082c9      0x6d8 Src\system_stm32f3xx.o
 .debug_line    0x000089a1       0x7f startup\startup_stm32f334x8.o

.debug_str      0x00000000    0xa30ec
 .debug_str     0x00000000    0x9fec7 Drivers\STM32F3xx_HAL_Driver\Src\stm32f3xx_hal.o
                              0xa0205 (size before relaxing)
 .debug_str     0x0009fec7      0x61c Drivers\STM32F3xx_HAL_Driver\Src\stm32f3xx_hal_adc.o
                              0xa0148 (size before relaxing)
 .debug_str     0x000a04e3      0x72b Drivers\STM32F3xx_HAL_Driver\Src\stm32f3xx_hal_adc_ex.o
                              0xa083e (size before relaxing)
 .debug_str     0x000a0c0e      0x2af Drivers\STM32F3xx_HAL_Driver\Src\stm32f3xx_hal_cortex.o
                              0xa01cd (size before relaxing)
 .debug_str     0x000a0ebd      0x229 Drivers\STM32F3xx_HAL_Driver\Src\stm32f3xx_hal_dma.o
                              0x9fec2 (size before relaxing)
 .debug_str     0x000a10e6      0x2d6 Drivers\STM32F3xx_HAL_Driver\Src\stm32f3xx_hal_gpio.o
                              0x9fe1a (size before relaxing)
 .debug_str     0x000a13bc      0x3fe Drivers\STM32F3xx_HAL_Driver\Src\stm32f3xx_hal_rcc.o
                              0x9ffb2 (size before relaxing)
 .debug_str     0x000a17ba      0x194 Drivers\STM32F3xx_HAL_Driver\Src\stm32f3xx_hal_rcc_ex.o
                              0x9fd0c (size before relaxing)
 .debug_str     0x000a194e      0x9a0 Drivers\STM32F3xx_HAL_Driver\Src\stm32f3xx_hal_uart.o
                              0xa0748 (size before relaxing)
 .debug_str     0x000a22ee       0xf6 Drivers\STM32F3xx_HAL_Driver\Src\stm32f3xx_hal_uart_ex.o
                              0xa00d3 (size before relaxing)
 .debug_str     0x000a23e4      0xc3f Src\main.o
                              0xa1604 (size before relaxing)
 .debug_str     0x000a3023       0x1b Src\stm32f3xx_hal_msp.o
                              0xa05d1 (size before relaxing)
 .debug_str     0x000a303e       0x4a Src\stm32f3xx_it.o
                              0xa0188 (size before relaxing)
 .debug_str     0x000a3088       0x64 Src\system_stm32f3xx.o
                              0x9fb4b (size before relaxing)

.comment        0x00000000       0x7c
 .comment       0x00000000       0x7c Drivers\STM32F3xx_HAL_Driver\Src\stm32f3xx_hal.o
                                 0x7d (size before relaxing)
 .comment       0x0000007c       0x7d Drivers\STM32F3xx_HAL_Driver\Src\stm32f3xx_hal_adc.o
 .comment       0x0000007c       0x7d Drivers\STM32F3xx_HAL_Driver\Src\stm32f3xx_hal_adc_ex.o
 .comment       0x0000007c       0x7d Drivers\STM32F3xx_HAL_Driver\Src\stm32f3xx_hal_cortex.o
 .comment       0x0000007c       0x7d Drivers\STM32F3xx_HAL_Driver\Src\stm32f3xx_hal_dma.o
 .comment       0x0000007c       0x7d Drivers\STM32F3xx_HAL_Driver\Src\stm32f3xx_hal_gpio.o
 .comment       0x0000007c       0x7d Drivers\STM32F3xx_HAL_Driver\Src\stm32f3xx_hal_rcc.o
 .comment       0x0000007c       0x7d Drivers\STM32F3xx_HAL_Driver\Src\stm32f3xx_hal_rcc_ex.o
 .comment       0x0000007c       0x7d Drivers\STM32F3xx_HAL_Driver\Src\stm32f3xx_hal_uart.o
 .comment       0x0000007c       0x7d Drivers\STM32F3xx_HAL_Driver\Src\stm32f3xx_hal_uart_ex.o
 .comment       0x0000007c       0x7d Src\main.o
 .comment       0x0000007c       0x7d Src\stm32f3xx_hal_msp.o
 .comment       0x0000007c       0x7d Src\stm32f3xx_it.o
 .comment       0x0000007c       0x7d Src\system_stm32f3xx.o

.debug_frame    0x00000000     0x1800
 .debug_frame   0x00000000      0x198 Drivers\STM32F3xx_HAL_Driver\Src\stm32f3xx_hal.o
 .debug_frame   0x00000198      0x170 Drivers\STM32F3xx_HAL_Driver\Src\stm32f3xx_hal_adc.o
 .debug_frame   0x00000308      0x4a0 Drivers\STM32F3xx_HAL_Driver\Src\stm32f3xx_hal_adc_ex.o
 .debug_frame   0x000007a8      0x12c Drivers\STM32F3xx_HAL_Driver\Src\stm32f3xx_hal_cortex.o
 .debug_frame   0x000008d4      0x164 Drivers\STM32F3xx_HAL_Driver\Src\stm32f3xx_hal_dma.o
 .debug_frame   0x00000a38       0xd0 Drivers\STM32F3xx_HAL_Driver\Src\stm32f3xx_hal_gpio.o
 .debug_frame   0x00000b08      0x140 Drivers\STM32F3xx_HAL_Driver\Src\stm32f3xx_hal_rcc.o
 .debug_frame   0x00000c48       0x7c Drivers\STM32F3xx_HAL_Driver\Src\stm32f3xx_hal_rcc_ex.o
 .debug_frame   0x00000cc4      0x570 Drivers\STM32F3xx_HAL_Driver\Src\stm32f3xx_hal_uart.o
 .debug_frame   0x00001234       0xb4 Drivers\STM32F3xx_HAL_Driver\Src\stm32f3xx_hal_uart_ex.o
 .debug_frame   0x000012e8      0x200 Src\main.o
 .debug_frame   0x000014e8       0x98 Src\stm32f3xx_hal_msp.o
 .debug_frame   0x00001580       0x58 Src\stm32f3xx_it.o
 .debug_frame   0x000015d8       0x30 Src\system_stm32f3xx.o
 .debug_frame   0x00001608       0x2c c:/program files (x86)/atollic/truestudio for arm 8.0.0/armtools/bin/../lib/gcc/arm-atollic-eabi/6.3.1/../../../../arm-atollic-eabi/lib/armv7e-m/fpu\libc_nano.a(lib_a-init.o)
 .debug_frame   0x00001634       0x40 c:/program files (x86)/atollic/truestudio for arm 8.0.0/armtools/bin/../lib/gcc/arm-atollic-eabi/6.3.1/../../../../arm-atollic-eabi/lib/armv7e-m/fpu\libm.a(lib_a-wf_sqrt.o)
 .debug_frame   0x00001674       0x2c c:/program files (x86)/atollic/truestudio for arm 8.0.0/armtools/bin/../lib/gcc/arm-atollic-eabi/6.3.1/../../../../arm-atollic-eabi/lib/armv7e-m/fpu\libm.a(lib_a-ef_sqrt.o)
 .debug_frame   0x000016a0       0x20 c:/program files (x86)/atollic/truestudio for arm 8.0.0/armtools/bin/../lib/gcc/arm-atollic-eabi/6.3.1/../../../../arm-atollic-eabi/lib/armv7e-m/fpu\libm.a(lib_a-s_matherr.o)
 .debug_frame   0x000016c0       0x20 c:/program files (x86)/atollic/truestudio for arm 8.0.0/armtools/bin/../lib/gcc/arm-atollic-eabi/6.3.1/../../../../arm-atollic-eabi/lib/armv7e-m/fpu\libc_nano.a(lib_a-errno.o)
 .debug_frame   0x000016e0       0xac c:/program files (x86)/atollic/truestudio for arm 8.0.0/armtools/bin/../lib/gcc/arm-atollic-eabi/6.3.1/armv7e-m/fpu\libgcc.a(_arm_addsubdf3.o)
 .debug_frame   0x0000178c       0x50 c:/program files (x86)/atollic/truestudio for arm 8.0.0/armtools/bin/../lib/gcc/arm-atollic-eabi/6.3.1/armv7e-m/fpu\libgcc.a(_arm_muldivdf3.o)
 .debug_frame   0x000017dc       0x24 c:/program files (x86)/atollic/truestudio for arm 8.0.0/armtools/bin/../lib/gcc/arm-atollic-eabi/6.3.1/armv7e-m/fpu\libgcc.a(_arm_truncdfsf2.o)
