main.c:1070:9:Int2String.part.0	16	static
main.c:391:6:SystemClock_Config	104	static
main.c:794:6:Disable_Digits	8	static
main.c:802:6:set_all	8	static
main.c:813:6:reset_all	8	static
main.c:638:9:Digit_Maker	8	static
main.c:721:6:Number_Display	56	static
main.c:697:9:Number_Maker	24	static
main.c:824:9:convertfromstring	12	static
main.c:879:6:HAL_SYSTICK_Callback	16	static
main.c:916:6:HAL_ADC_ConvCpltCallback	24	static
main.c:964:7:vconvert	48	static
main.c:1003:7:iconvert	48	static
main.c:162:5:main	80	static
main.c:1056:7:t2convert	8	static
main.c:1043:7:t1convert	0	static
main.c:1070:9:Int2String	0	static
main.c:1120:6:_Error_Handler	0	static
